// Jest Snapshot v1, https://goo.gl/fbAQLP

exports[`POST rest/movies/{id}/casting return 400 if the firstName is empty 1`] = `
Object {
  "errors": Array [
    Object {
      "dataPath": ".firstName",
      "keyword": "minLength",
      "message": "should NOT be shorter than 1 characters",
      "params": Object {
        "limit": 1,
      },
      "schemaPath": "#/properties/firstName/minLength",
    },
  ],
}
`;
